
> leetcode-nextjs-clone@0.1.0 build
> next build

   Γû▓ Next.js 16.0.7 (Turbopack)
   - Environments: .env

   Creating an optimized production build ...
node.exe : 
At line:1 char:1
+ & "C:\Program 
Files\nodejs/node.exe" 
"C:\Users\saika\AppData\Roaming\ ...
+ ~~~~~~~~~~~~~~~~~~~~~~~~~~~~~~~~~~~~
~~~~~~~~~~~~~~~~~~~~~~~~~~~~~~~~~
    + CategoryInfo          : NotSpec 
   ified: (:String) [], RemoteExcept  
  ion
    + FullyQualifiedErrorId : NativeC 
   ommandError
 
> Build error occurred
Error: Turbopack build failed with 16 
errors:
./modules/problems/components/add-to-p
laylist.tsx:111:36
Ecmascript file had an error
[0m [90m 109 |[39m }[33m;[39m
 [90m 110 |[39m
[31m[1m>[22m[39m[90m 111 |[39m 
[36mexport[39m [36mdefault[39m [3
3mAddToPlaylistModal[39m[33m;[39m 
[32m"use client"[39m[33m;[39m
 [90m     |[39m                     
               [31m[1m^[22m[39m[3
1m[1m^[22m[39m[31m[1m^[22m[39m
[31m[1m^[22m[39m[31m[1m^[22m[39
m[31m[1m^[22m[39m[31m[1m^[22m[
39m[31m[1m^[22m[39m[31m[1m^[22m
[39m[31m[1m^[22m[39m[31m[1m^[2
2m[39m[31m[1m^[22m[39m[31m[1m^
[22m[39m
 [90m 112 |[39m
 [90m 113 |[39m [36mimport[39m { 
useEffect[33m,[39m useState } 
[36mfrom[39m 
[32m"react"[39m[33m;[39m
 [90m 114 |[39m [36mimport[39m 
{[0m

The "use client" directive must be 
placed before other expressions. Move 
it to the top of the file to resolve 
this issue.

Import traces:
  Client Component Browser:
    ./modules/problems/components/add-
to-playlist.tsx [Client Component 
Browser]
    ./modules/problems/components/prob
lem-table.tsx [Client Component 
Browser]
    ./modules/problems/components/prob
lem-table.tsx [Server Component]
    ./app/(root)/problems/page.tsx 
[Server Component]

  Client Component SSR:
    ./modules/problems/components/add-
to-playlist.tsx [Client Component SSR]
    ./modules/problems/components/prob
lem-table.tsx [Client Component SSR]
    ./modules/problems/components/prob
lem-table.tsx [Server Component]
    ./app/(root)/problems/page.tsx 
[Server Component]


./modules/problems/components/add-to-p
laylist.tsx:126:7
Ecmascript file had an error
[0m [90m 124 |[39m 
[36mimport[39m { toast } 
[36mfrom[39m 
[32m"sonner"[39m[33m;[39m
 [90m 125 |[39m
[31m[1m>[22m[39m[90m 126 |[39m 
[36mconst[39m 
[33mAddToPlaylistModal[39m 
[33m=[39m ({ isOpen[33m,[39m 
onClose[33m,[39m 
onSubmit[33m,[39m problemId }) 
[33m=>[39m {
 [90m     |[39m       [31m[1m^[22
m[39m[31m[1m^[22m[39m[31m[1m^[
22m[39m[31m[1m^[22m[39m[31m[1m^
[22m[39m[31m[1m^[22m[39m[31m[1
m^[22m[39m[31m[1m^[22m[39m[31m
[1m^[22m[39m[31m[1m^[22m[39m[31
m[1m^[22m[39m[31m[1m^[22m[39m[
31m[1m^[22m[39m[31m[1m^[22m[39m
[31m[1m^[22m[39m[31m[1m^[22m[3
9m[31m[1m^[22m[39m[31m[1m^[22m
[39m
 [90m 127 |[39m     [36mconst[39m 
[playlists[33m,[39m setPlaylists] 
[33m=[39m useState([])[33m;[39m
 [90m 128 |[39m     [36mconst[39m 
[isLoading[33m,[39m setIsLoading] 
[33m=[39m 
useState([36mfalse[39m)[33m;[39m
 [90m 129 |[39m[0m

the name `AddToPlaylistModal` is 
defined multiple times

Import traces:
  Client Component Browser:
    ./modules/problems/components/add-
to-playlist.tsx [Client Component 
Browser]
    ./modules/problems/components/prob
lem-table.tsx [Client Component 
Browser]
    ./modules/problems/components/prob
lem-table.tsx [Server Component]
    ./app/(root)/problems/page.tsx 
[Server Component]

  Client Component SSR:
    ./modules/problems/components/add-
to-playlist.tsx [Client Component SSR]
    ./modules/problems/components/prob
lem-table.tsx [Client Component SSR]
    ./modules/problems/components/prob
lem-table.tsx [Server Component]
    ./app/(root)/problems/page.tsx 
[Server Component]


./modules/problems/components/add-to-p
laylist.tsx:121:10
Ecmascript file had an error
[0m [90m 119 |[39m     
[33mDialogTitle[39m[33m,[39m
 [90m 120 |[39m } [36mfrom[39m [3
2m"@/components/ui/dialog"[39m[33m;
[39m
[31m[1m>[22m[39m[90m 121 |[39m 
[36mimport[39m { [33mButton[39m } 
[36mfrom[39m [32m"@/components/ui/b
utton"[39m[33m;[39m
 [90m     |[39m          [31m[1m^
[22m[39m[31m[1m^[22m[39m[31m[1m
^[22m[39m[31m[1m^[22m[39m[31m[
1m^[22m[39m[31m[1m^[22m[39m
 [90m 122 |[39m [36mimport[39m { 
[33mScrollArea[39m } [36mfrom[39m 
[32m"@/components/ui/scroll-area"[39
m[33m;[39m
 [90m 123 |[39m [36mimport[39m { 
[33mPlus[39m[33m,[39m 
[33mCheck[39m } [36mfrom[39m 
[32m"lucide-react"[39m[33m;[39m
 [90m 124 |[39m [36mimport[39m { 
toast } [36mfrom[39m 
[32m"sonner"[39m[33m;[39m[0m

the name `Button` is defined multiple 
times

Import traces:
  Client Component Browser:
    ./modules/problems/components/add-
to-playlist.tsx [Client Component 
Browser]
    ./modules/problems/components/prob
lem-table.tsx [Client Component 
Browser]
    ./modules/problems/components/prob
lem-table.tsx [Server Component]
    ./app/(root)/problems/page.tsx 
[Server Component]

  Client Component SSR:
    ./modules/problems/components/add-
to-playlist.tsx [Client Component SSR]
    ./modules/problems/components/prob
lem-table.tsx [Client Component SSR]
    ./modules/problems/components/prob
lem-table.tsx [Server Component]
    ./app/(root)/problems/page.tsx 
[Server Component]


./modules/problems/components/add-to-p
laylist.tsx:123:16
Ecmascript file had an error
[0m [90m 121 |[39m 
[36mimport[39m { [33mButton[39m } 
[36mfrom[39m [32m"@/components/ui/b
utton"[39m[33m;[39m
 [90m 122 |[39m [36mimport[39m { 
[33mScrollArea[39m } [36mfrom[39m 
[32m"@/components/ui/scroll-area"[39
m[33m;[39m
[31m[1m>[22m[39m[90m 123 |[39m 
[36mimport[39m { 
[33mPlus[39m[33m,[39m 
[33mCheck[39m } [36mfrom[39m 
[32m"lucide-react"[39m[33m;[39m
 [90m     |[39m                [31m
[1m^[22m[39m[31m[1m^[22m[39m[3
1m[1m^[22m[39m[31m[1m^[22m[39m
[31m[1m^[22m[39m
 [90m 124 |[39m [36mimport[39m { 
toast } [36mfrom[39m 
[32m"sonner"[39m[33m;[39m
 [90m 125 |[39m
 [90m 126 |[39m [36mconst[39m 
[33mAddToPlaylistModal[39m 
[33m=[39m ({ isOpen[33m,[39m 
onClose[33m,[39m 
onSubmit[33m,[39m problemId }) 
[33m=>[39m {[0m

the name `Check` is defined multiple 
times

Import traces:
  Client Component Browser:
    ./modules/problems/components/add-
to-playlist.tsx [Client Component 
Browser]
    ./modules/problems/components/prob
lem-table.tsx [Client Component 
Browser]
    ./modules/problems/components/prob
lem-table.tsx [Server Component]
    ./app/(root)/problems/page.tsx 
[Server Component]

  Client Component SSR:
    ./modules/problems/components/add-
to-playlist.tsx [Client Component SSR]
    ./modules/problems/components/prob
lem-table.tsx [Client Component SSR]
    ./modules/problems/components/prob
lem-table.tsx [Server Component]
    ./app/(root)/problems/page.tsx 
[Server Component]


./modules/problems/components/add-to-p
laylist.tsx:116:5
Ecmascript file had an error
[0m [90m 114 |[39m 
[36mimport[39m {
 [90m 115 |[39m     
[33mDialog[39m[33m,[39m
[31m[1m>[22m[39m[90m 116 |[39m  
   [33mDialogContent[39m[33m,[39m
 [90m     |[39m     [31m[1m^[22m
[39m[31m[1m^[22m[39m[31m[1m^[22
m[39m[31m[1m^[22m[39m[31m[1m^[
22m[39m[31m[1m^[22m[39m[31m[1m^
[22m[39m[31m[1m^[22m[39m[31m[1
m^[22m[39m[31m[1m^[22m[39m[31m
[1m^[22m[39m[31m[1m^[22m[39m[31
m[1m^[22m[39m
 [90m 117 |[39m     
[33mDialogDescription[39m[33m,[39m
 [90m 118 |[39m     
[33mDialogHeader[39m[33m,[39m
 [90m 119 |[39m     
[33mDialogTitle[39m[33m,[39m[0m

the name `DialogContent` is defined 
multiple times

Import traces:
  Client Component Browser:
    ./modules/problems/components/add-
to-playlist.tsx [Client Component 
Browser]
    ./modules/problems/components/prob
lem-table.tsx [Client Component 
Browser]
    ./modules/problems/components/prob
lem-table.tsx [Server Component]
    ./app/(root)/problems/page.tsx 
[Server Component]

  Client Component SSR:
    ./modules/problems/components/add-
to-playlist.tsx [Client Component SSR]
    ./modules/problems/components/prob
lem-table.tsx [Client Component SSR]
    ./modules/problems/components/prob
lem-table.tsx [Server Component]
    ./app/(root)/problems/page.tsx 
[Server Component]


./modules/problems/components/add-to-p
laylist.tsx:117:5
Ecmascript file had an error
[0m [90m 115 |[39m     
[33mDialog[39m[33m,[39m
 [90m 116 |[39m     
[33mDialogContent[39m[33m,[39m
[31m[1m>[22m[39m[90m 117 |[39m  
   
[33mDialogDescription[39m[33m,[39m
 [90m     |[39m     [31m[1m^[22m
[39m[31m[1m^[22m[39m[31m[1m^[22
m[39m[31m[1m^[22m[39m[31m[1m^[
22m[39m[31m[1m^[22m[39m[31m[1m^
[22m[39m[31m[1m^[22m[39m[31m[1
m^[22m[39m[31m[1m^[22m[39m[31m
[1m^[22m[39m[31m[1m^[22m[39m[31
m[1m^[22m[39m[31m[1m^[22m[39m[
31m[1m^[22m[39m[31m[1m^[22m[39m
[31m[1m^[22m[39m
 [90m 118 |[39m     
[33mDialogHeader[39m[33m,[39m
 [90m 119 |[39m     
[33mDialogTitle[39m[33m,[39m
 [90m 120 |[39m } [36mfrom[39m [3
2m"@/components/ui/dialog"[39m[33m;
[39m[0m

the name `DialogDescription` is 
defined multiple times

Import traces:
  Client Component Browser:
    ./modules/problems/components/add-
to-playlist.tsx [Client Component 
Browser]
    ./modules/problems/components/prob
lem-table.tsx [Client Component 
Browser]
    ./modules/problems/components/prob
lem-table.tsx [Server Component]
    ./app/(root)/problems/page.tsx 
[Server Component]

  Client Component SSR:
    ./modules/problems/components/add-
to-playlist.tsx [Client Component SSR]
    ./modules/problems/components/prob
lem-table.tsx [Client Component SSR]
    ./modules/problems/components/prob
lem-table.tsx [Server Component]
    ./app/(root)/problems/page.tsx 
[Server Component]


./modules/problems/components/add-to-p
laylist.tsx:118:5
Ecmascript file had an error
[0m [90m 116 |[39m     
[33mDialogContent[39m[33m,[39m
 [90m 117 |[39m     
[33mDialogDescription[39m[33m,[39m
[31m[1m>[22m[39m[90m 118 |[39m  
   [33mDialogHeader[39m[33m,[39m
 [90m     |[39m     [31m[1m^[22m
[39m[31m[1m^[22m[39m[31m[1m^[22
m[39m[31m[1m^[22m[39m[31m[1m^[
22m[39m[31m[1m^[22m[39m[31m[1m^
[22m[39m[31m[1m^[22m[39m[31m[1
m^[22m[39m[31m[1m^[22m[39m[31m
[1m^[22m[39m[31m[1m^[22m[39m
 [90m 119 |[39m     
[33mDialogTitle[39m[33m,[39m
 [90m 120 |[39m } [36mfrom[39m [3
2m"@/components/ui/dialog"[39m[33m;
[39m
 [90m 121 |[39m [36mimport[39m { 
[33mButton[39m } [36mfrom[39m [32
m"@/components/ui/button"[39m[33m;[
39m[0m

the name `DialogHeader` is defined 
multiple times

Import traces:
  Client Component Browser:
    ./modules/problems/components/add-
to-playlist.tsx [Client Component 
Browser]
    ./modules/problems/components/prob
lem-table.tsx [Client Component 
Browser]
    ./modules/problems/components/prob
lem-table.tsx [Server Component]
    ./app/(root)/problems/page.tsx 
[Server Component]

  Client Component SSR:
    ./modules/problems/components/add-
to-playlist.tsx [Client Component SSR]
    ./modules/problems/components/prob
lem-table.tsx [Client Component SSR]
    ./modules/problems/components/prob
lem-table.tsx [Server Component]
    ./app/(root)/problems/page.tsx 
[Server Component]


./modules/problems/components/add-to-p
laylist.tsx:119:5
Ecmascript file had an error
[0m [90m 117 |[39m     
[33mDialogDescription[39m[33m,[39m
 [90m 118 |[39m     
[33mDialogHeader[39m[33m,[39m
[31m[1m>[22m[39m[90m 119 |[39m  
   [33mDialogTitle[39m[33m,[39m
 [90m     |[39m     [31m[1m^[22m
[39m[31m[1m^[22m[39m[31m[1m^[22
m[39m[31m[1m^[22m[39m[31m[1m^[
22m[39m[31m[1m^[22m[39m[31m[1m^
[22m[39m[31m[1m^[22m[39m[31m[1
m^[22m[39m[31m[1m^[22m[39m[31m
[1m^[22m[39m
 [90m 120 |[39m } [36mfrom[39m [3
2m"@/components/ui/dialog"[39m[33m;
[39m
 [90m 121 |[39m [36mimport[39m { 
[33mButton[39m } [36mfrom[39m [32
m"@/components/ui/button"[39m[33m;[
39m
 [90m 122 |[39m [36mimport[39m { 
[33mScrollArea[39m } [36mfrom[39m 
[32m"@/components/ui/scroll-area"[39
m[33m;[39m[0m

the name `DialogTitle` is defined 
multiple times

Import traces:
  Client Component Browser:
    ./modules/problems/components/add-
to-playlist.tsx [Client Component 
Browser]
    ./modules/problems/components/prob
lem-table.tsx [Client Component 
Browser]
    ./modules/problems/components/prob
lem-table.tsx [Server Component]
    ./app/(root)/problems/page.tsx 
[Server Component]

  Client Component SSR:
    ./modules/problems/components/add-
to-playlist.tsx [Client Component SSR]
    ./modules/problems/components/prob
lem-table.tsx [Client Component SSR]
    ./modules/problems/components/prob
lem-table.tsx [Server Component]
    ./app/(root)/problems/page.tsx 
[Server Component]


./modules/problems/components/add-to-p
laylist.tsx:115:5
Ecmascript file had an error
[0m [90m 113 |[39m 
[36mimport[39m { 
useEffect[33m,[39m useState } 
[36mfrom[39m 
[32m"react"[39m[33m;[39m
 [90m 114 |[39m [36mimport[39m {
[31m[1m>[22m[39m[90m 115 |[39m  
   [33mDialog[39m[33m,[39m
 [90m     |[39m     [31m[1m^[22m
[39m[31m[1m^[22m[39m[31m[1m^[22
m[39m[31m[1m^[22m[39m[31m[1m^[
22m[39m[31m[1m^[22m[39m
 [90m 116 |[39m     
[33mDialogContent[39m[33m,[39m
 [90m 117 |[39m     
[33mDialogDescription[39m[33m,[39m
 [90m 118 |[39m     
[33mDialogHeader[39m[33m,[39m[0m

the name `Dialog` is defined multiple 
times

Import traces:
  Client Component Browser:
    ./modules/problems/components/add-
to-playlist.tsx [Client Component 
Browser]
    ./modules/problems/components/prob
lem-table.tsx [Client Component 
Browser]
    ./modules/problems/components/prob
lem-table.tsx [Server Component]
    ./app/(root)/problems/page.tsx 
[Server Component]

  Client Component SSR:
    ./modules/problems/components/add-
to-playlist.tsx [Client Component SSR]
    ./modules/problems/components/prob
lem-table.tsx [Client Component SSR]
    ./modules/problems/components/prob
lem-table.tsx [Server Component]
    ./app/(root)/problems/page.tsx 
[Server Component]


./modules/problems/components/add-to-p
laylist.tsx:123:10
Ecmascript file had an error
[0m [90m 121 |[39m 
[36mimport[39m { [33mButton[39m } 
[36mfrom[39m [32m"@/components/ui/b
utton"[39m[33m;[39m
 [90m 122 |[39m [36mimport[39m { 
[33mScrollArea[39m } [36mfrom[39m 
[32m"@/components/ui/scroll-area"[39
m[33m;[39m
[31m[1m>[22m[39m[90m 123 |[39m 
[36mimport[39m { 
[33mPlus[39m[33m,[39m 
[33mCheck[39m } [36mfrom[39m 
[32m"lucide-react"[39m[33m;[39m
 [90m     |[39m          [31m[1m^
[22m[39m[31m[1m^[22m[39m[31m[1m
^[22m[39m[31m[1m^[22m[39m
 [90m 124 |[39m [36mimport[39m { 
toast } [36mfrom[39m 
[32m"sonner"[39m[33m;[39m
 [90m 125 |[39m
 [90m 126 |[39m [36mconst[39m 
[33mAddToPlaylistModal[39m 
[33m=[39m ({ isOpen[33m,[39m 
onClose[33m,[39m 
onSubmit[33m,[39m problemId }) 
[33m=>[39m {[0m

the name `Plus` is defined multiple 
times

Import traces:
  Client Component Browser:
    ./modules/problems/components/add-
to-playlist.tsx [Client Component 
Browser]
    ./modules/problems/components/prob
lem-table.tsx [Client Component 
Browser]
    ./modules/problems/components/prob
lem-table.tsx [Server Component]
    ./app/(root)/problems/page.tsx 
[Server Component]

  Client Component SSR:
    ./modules/problems/components/add-
to-playlist.tsx [Client Component SSR]
    ./modules/problems/components/prob
lem-table.tsx [Client Component SSR]
    ./modules/problems/components/prob
lem-table.tsx [Server Component]
    ./app/(root)/problems/page.tsx 
[Server Component]


./modules/problems/components/add-to-p
laylist.tsx:122:10
Ecmascript file had an error
[0m [90m 120 |[39m } 
[36mfrom[39m [32m"@/components/ui/d
ialog"[39m[33m;[39m
 [90m 121 |[39m [36mimport[39m { 
[33mButton[39m } [36mfrom[39m [32
m"@/components/ui/button"[39m[33m;[
39m
[31m[1m>[22m[39m[90m 122 |[39m 
[36mimport[39m { 
[33mScrollArea[39m } [36mfrom[39m 
[32m"@/components/ui/scroll-area"[39
m[33m;[39m
 [90m     |[39m          [31m[1m^
[22m[39m[31m[1m^[22m[39m[31m[1m
^[22m[39m[31m[1m^[22m[39m[31m[
1m^[22m[39m[31m[1m^[22m[39m[31m
[1m^[22m[39m[31m[1m^[22m[39m[3
1m[1m^[22m[39m[31m[1m^[22m[39m
 [90m 123 |[39m [36mimport[39m { 
[33mPlus[39m[33m,[39m 
[33mCheck[39m } [36mfrom[39m 
[32m"lucide-react"[39m[33m;[39m
 [90m 124 |[39m [36mimport[39m { 
toast } [36mfrom[39m 
[32m"sonner"[39m[33m;[39m
 [90m 125 |[39m[0m

the name `ScrollArea` is defined 
multiple times

Import traces:
  Client Component Browser:
    ./modules/problems/components/add-
to-playlist.tsx [Client Component 
Browser]
    ./modules/problems/components/prob
lem-table.tsx [Client Component 
Browser]
    ./modules/problems/components/prob
lem-table.tsx [Server Component]
    ./app/(root)/problems/page.tsx 
[Server Component]

  Client Component SSR:
    ./modules/problems/components/add-
to-playlist.tsx [Client Component SSR]
    ./modules/problems/components/prob
lem-table.tsx [Client Component SSR]
    ./modules/problems/components/prob
lem-table.tsx [Server Component]
    ./app/(root)/problems/page.tsx 
[Server Component]


./modules/problems/components/add-to-p
laylist.tsx:221:1
Ecmascript file had an error
[0m [90m 219 |[39m }[33m;[39m
 [90m 220 |[39m
[31m[1m>[22m[39m[90m 221 |[39m 
[36mexport[39m [36mdefault[39m [3
3mAddToPlaylistModal[39m[33m;[39m
 [90m     |[39m [31m[1m^[22m[39m
[31m[1m^[22m[39m[31m[1m^[22m[3
9m[31m[1m^[22m[39m[31m[1m^[22m
[39m[31m[1m^[22m[39m[31m[1m^[22
m[39m[31m[1m^[22m[39m[31m[1m^[
22m[39m[31m[1m^[22m[39m[31m[1m^
[22m[39m[31m[1m^[22m[39m[31m[1
m^[22m[39m[31m[1m^[22m[39m[31m
[1m^[22m[39m[31m[1m^[22m[39m[31
m[1m^[22m[39m[31m[1m^[22m[39m[
31m[1m^[22m[39m[31m[1m^[22m[39m
[31m[1m^[22m[39m[31m[1m^[22m[3
9m[31m[1m^[22m[39m[31m[1m^[22m
[39m[31m[1m^[22m[39m[31m[1m^[22
m[39m[31m[1m^[22m[39m[31m[1m^[
22m[39m[31m[1m^[22m[39m[31m[1m^
[22m[39m[31m[1m^[22m[39m[31m[1
m^[22m[39m[31m[1m^[22m[39m[31m
[1m^[22m[39m[0m

the name `default` is exported 
multiple times

Import traces:
  Client Component Browser:
    ./modules/problems/components/add-
to-playlist.tsx [Client Component 
Browser]
    ./modules/problems/components/prob
lem-table.tsx [Client Component 
Browser]
    ./modules/problems/components/prob
lem-table.tsx [Server Component]
    ./app/(root)/problems/page.tsx 
[Server Component]

  Client Component SSR:
    ./modules/problems/components/add-
to-playlist.tsx [Client Component SSR]
    ./modules/problems/components/prob
lem-table.tsx [Client Component SSR]
    ./modules/problems/components/prob
lem-table.tsx [Server Component]
    ./app/(root)/problems/page.tsx 
[Server Component]


./modules/problems/components/add-to-p
laylist.tsx:124:10
Ecmascript file had an error
[0m [90m 122 |[39m 
[36mimport[39m { 
[33mScrollArea[39m } [36mfrom[39m 
[32m"@/components/ui/scroll-area"[39
m[33m;[39m
 [90m 123 |[39m [36mimport[39m { 
[33mPlus[39m[33m,[39m 
[33mCheck[39m } [36mfrom[39m 
[32m"lucide-react"[39m[33m;[39m
[31m[1m>[22m[39m[90m 124 |[39m 
[36mimport[39m { toast } 
[36mfrom[39m 
[32m"sonner"[39m[33m;[39m
 [90m     |[39m          [31m[1m^
[22m[39m[31m[1m^[22m[39m[31m[1m
^[22m[39m[31m[1m^[22m[39m[31m[
1m^[22m[39m
 [90m 125 |[39m
 [90m 126 |[39m [36mconst[39m 
[33mAddToPlaylistModal[39m 
[33m=[39m ({ isOpen[33m,[39m 
onClose[33m,[39m 
onSubmit[33m,[39m problemId }) 
[33m=>[39m {
 [90m 127 |[39m     [36mconst[39m 
[playlists[33m,[39m setPlaylists] 
[33m=[39m 
useState([])[33m;[39m[0m

the name `toast` is defined multiple 
times

Import traces:
  Client Component Browser:
    ./modules/problems/components/add-
to-playlist.tsx [Client Component 
Browser]
    ./modules/problems/components/prob
lem-table.tsx [Client Component 
Browser]
    ./modules/problems/components/prob
lem-table.tsx [Server Component]
    ./app/(root)/problems/page.tsx 
[Server Component]

  Client Component SSR:
    ./modules/problems/components/add-
to-playlist.tsx [Client Component SSR]
    ./modules/problems/components/prob
lem-table.tsx [Client Component SSR]
    ./modules/problems/components/prob
lem-table.tsx [Server Component]
    ./app/(root)/problems/page.tsx 
[Server Component]


./modules/problems/components/add-to-p
laylist.tsx:113:10
Ecmascript file had an error
[0m [90m 111 |[39m 
[36mexport[39m [36mdefault[39m [3
3mAddToPlaylistModal[39m[33m;[39m 
[32m"use client"[39m[33m;[39m
 [90m 112 |[39m
[31m[1m>[22m[39m[90m 113 |[39m 
[36mimport[39m { 
useEffect[33m,[39m useState } 
[36mfrom[39m 
[32m"react"[39m[33m;[39m
 [90m     |[39m          [31m[1m^
[22m[39m[31m[1m^[22m[39m[31m[1m
^[22m[39m[31m[1m^[22m[39m[31m[
1m^[22m[39m[31m[1m^[22m[39m[31m
[1m^[22m[39m[31m[1m^[22m[39m[3
1m[1m^[22m[39m
 [90m 114 |[39m [36mimport[39m {
 [90m 115 |[39m     
[33mDialog[39m[33m,[39m
 [90m 116 |[39m     
[33mDialogContent[39m[33m,[39m[0m

the name `useEffect` is defined 
multiple times

Import traces:
  Client Component Browser:
    ./modules/problems/components/add-
to-playlist.tsx [Client Component 
Browser]
    ./modules/problems/components/prob
lem-table.tsx [Client Component 
Browser]
    ./modules/problems/components/prob
lem-table.tsx [Server Component]
    ./app/(root)/problems/page.tsx 
[Server Component]

  Client Component SSR:
    ./modules/problems/components/add-
to-playlist.tsx [Client Component SSR]
    ./modules/problems/components/prob
lem-table.tsx [Client Component SSR]
    ./modules/problems/components/prob
lem-table.tsx [Server Component]
    ./app/(root)/problems/page.tsx 
[Server Component]


./modules/problems/components/add-to-p
laylist.tsx:113:21
Ecmascript file had an error
[0m [90m 111 |[39m 
[36mexport[39m [36mdefault[39m [3
3mAddToPlaylistModal[39m[33m;[39m 
[32m"use client"[39m[33m;[39m
 [90m 112 |[39m
[31m[1m>[22m[39m[90m 113 |[39m 
[36mimport[39m { 
useEffect[33m,[39m useState } 
[36mfrom[39m 
[32m"react"[39m[33m;[39m
 [90m     |[39m                     
[31m[1m^[22m[39m[31m[1m^[22m[3
9m[31m[1m^[22m[39m[31m[1m^[22m
[39m[31m[1m^[22m[39m[31m[1m^[22
m[39m[31m[1m^[22m[39m[31m[1m^[
22m[39m
 [90m 114 |[39m [36mimport[39m {
 [90m 115 |[39m     
[33mDialog[39m[33m,[39m
 [90m 116 |[39m     
[33mDialogContent[39m[33m,[39m[0m

the name `useState` is defined 
multiple times

Import traces:
  Client Component Browser:
    ./modules/problems/components/add-
to-playlist.tsx [Client Component 
Browser]
    ./modules/problems/components/prob
lem-table.tsx [Client Component 
Browser]
    ./modules/problems/components/prob
lem-table.tsx [Server Component]
    ./app/(root)/problems/page.tsx 
[Server Component]

  Client Component SSR:
    ./modules/problems/components/add-
to-playlist.tsx [Client Component SSR]
    ./modules/problems/components/prob
lem-table.tsx [Client Component SSR]
    ./modules/problems/components/prob
lem-table.tsx [Server Component]
    ./app/(root)/problems/page.tsx 
[Server Component]


./lib/judge0.ts:2:1
Module not found: Can't resolve 
'axios'
[0m [90m 1 |[39m
[31m[1m>[22m[39m[90m 2 |[39m 
[36mimport[39m axios [36mfrom[39m 
[32m"axios"[39m[33m;[39m
 [90m   |[39m [31m[1m^[22m[39m[
31m[1m^[22m[39m[31m[1m^[22m[39m
[31m[1m^[22m[39m[31m[1m^[22m[3
9m[31m[1m^[22m[39m[31m[1m^[22m
[39m[31m[1m^[22m[39m[31m[1m^[22
m[39m[31m[1m^[22m[39m[31m[1m^[
22m[39m[31m[1m^[22m[39m[31m[1m^
[22m[39m[31m[1m^[22m[39m[31m[1
m^[22m[39m[31m[1m^[22m[39m[31m
[1m^[22m[39m[31m[1m^[22m[39m[31
m[1m^[22m[39m[31m[1m^[22m[39m[
31m[1m^[22m[39m[31m[1m^[22m[39m
[31m[1m^[22m[39m[31m[1m^[22m[3
9m[31m[1m^[22m[39m[31m[1m^[22m
[39m
 [90m 3 |[39m
 [90m 4 |[39m [36mexport[39m 
[36mfunction[39m 
getJudge0LanguageId(language) {
 [90m 5 |[39m     [36mconst[39m 
languageMap [33m=[39m {[0m



Import traces:
  App Route:
    ./lib/judge0.ts
    ./app/api/create-problem/route.ts

  Client Component Browser:
    ./lib/judge0.ts [Client Component 
Browser]
    ./app/problem/[id]/page.tsx 
[Client Component Browser]
    ./app/problem/[id]/page.tsx 
[Server Component]

  Client Component SSR:
    ./lib/judge0.ts [Client Component 
SSR]
    ./app/problem/[id]/page.tsx 
[Client Component SSR]
    ./app/problem/[id]/page.tsx 
[Server Component]

  Server Component:
    ./lib/judge0.ts
    
./modules/problems/actions/index.ts
    ./app/(root)/problems/page.tsx

https://nextjs.org/docs/messages/modul
e-not-found


    at <unknown> (./modules/problems/c
omponents/add-to-playlist.tsx:111:36)
    at <unknown> (./modules/problems/c
omponents/add-to-playlist.tsx:126:7)
    at <unknown> (./modules/problems/c
omponents/add-to-playlist.tsx:121:10)
    at <unknown> (./modules/problems/c
omponents/add-to-playlist.tsx:123:16)
    at <unknown> (./modules/problems/c
omponents/add-to-playlist.tsx:116:5)
    at <unknown> (./modules/problems/c
omponents/add-to-playlist.tsx:117:5)
    at <unknown> (./modules/problems/c
omponents/add-to-playlist.tsx:118:5)
    at <unknown> (./modules/problems/c
omponents/add-to-playlist.tsx:119:5)
    at <unknown> (./modules/problems/c
omponents/add-to-playlist.tsx:115:5)
    at <unknown> (./modules/problems/c
omponents/add-to-playlist.tsx:123:10)
    at <unknown> (./modules/problems/c
omponents/add-to-playlist.tsx:122:10)
    at <unknown> (./modules/problems/c
omponents/add-to-playlist.tsx:221:1)
    at <unknown> (./modules/problems/c
omponents/add-to-playlist.tsx:124:10)
    at <unknown> (./modules/problems/c
omponents/add-to-playlist.tsx:113:10)
    at <unknown> (./modules/problems/c
omponents/add-to-playlist.tsx:113:21)
    at <unknown> (./lib/judge0.ts:2:1)
    at <unknown> (https://nextjs.org/d
ocs/messages/module-not-found)
