app/(root)/layout.tsx(5,29): error TS7031: Binding element 'children' implicitly has an 'any' type.
app/api/create-problem/route.ts(4,10): error TS2305: Module '"@prisma/client"' has no exported member 'UserRole'.
app/problem/[id]/page.tsx(100,50): error TS7006: Parameter 'tc' implicitly has an 'any' type.
app/problem/[id]/page.tsx(101,61): error TS7006: Parameter 'tc' implicitly has an 'any' type.
app/problem/[id]/page.tsx(147,49): error TS7006: Parameter 'tag' implicitly has an 'any' type.
app/problem/[id]/page.tsx(320,65): error TS7006: Parameter 'testCase' implicitly has an 'any' type.
app/problem/[id]/page.tsx(320,75): error TS7006: Parameter 'index' implicitly has an 'any' type.
lib/db.ts(5,35): error TS7017: Element implicitly has an 'any' type because type 'typeof globalThis' has no index signature.
lib/db.ts(7,60): error TS7017: Element implicitly has an 'any' type because type 'typeof globalThis' has no index signature.
modules/auth/actions/index.ts(90,26): error TS18047: 'user' is possibly 'null'.
modules/home/components/navbar.tsx(10,10): error TS2305: Module '"@prisma/client"' has no exported member 'UserRole'.
modules/home/components/navbar.tsx(12,19): error TS7031: Binding element 'userRole' implicitly has an 'any' type.
modules/problems/actions/index.ts(4,10): error TS2305: Module '"@prisma/client"' has no exported member 'UserRole'.
modules/problems/actions/index.ts(15,26): error TS18047: 'user' is possibly 'null'.
modules/problems/actions/index.ts(42,38): error TS7006: Parameter 'id' implicitly has an 'any' type.
modules/problems/actions/index.ts(62,26): error TS18047: 'user' is possibly 'null'.
modules/problems/actions/index.ts(86,37): error TS7006: Parameter 'problemId' implicitly has an 'any' type.
modules/problems/actions/index.ts(112,41): error TS18046: 'error' is of type 'unknown'.
modules/problems/actions/index.ts(117,38): error TS7006: Parameter 'title' implicitly has an 'any' type.
modules/problems/actions/index.ts(117,45): error TS7006: Parameter 'description' implicitly has an 'any' type.
modules/problems/actions/index.ts(145,41): error TS18046: 'error' is of type 'unknown'.
modules/problems/actions/index.ts(150,44): error TS7006: Parameter 'problemId' implicitly has an 'any' type.
modules/problems/actions/index.ts(150,55): error TS7006: Parameter 'playlistId' implicitly has an 'any' type.
modules/problems/actions/index.ts(189,41): error TS18046: 'error' is of type 'unknown'.
modules/problems/actions/index.ts(194,35): error TS7006: Parameter 'source_code' implicitly has an 'any' type.
modules/problems/actions/index.ts(194,48): error TS7006: Parameter 'language_id' implicitly has an 'any' type.
modules/problems/actions/index.ts(194,61): error TS7006: Parameter 'stdin' implicitly has an 'any' type.
modules/problems/actions/index.ts(194,68): error TS7006: Parameter 'expected_outputs' implicitly has an 'any' type.
modules/problems/actions/index.ts(194,86): error TS7006: Parameter 'id' implicitly has an 'any' type.
modules/problems/actions/index.ts(198,27): error TS18047: 'user' is possibly 'null'.
modules/problems/actions/index.ts(221,40): error TS7006: Parameter 'res' implicitly has an 'any' type.
modules/problems/actions/index.ts(226,42): error TS7006: Parameter 'result' implicitly has an 'any' type.
modules/problems/actions/index.ts(226,50): error TS7006: Parameter 'i' implicitly has an 'any' type.
modules/problems/actions/index.ts(253,57): error TS7006: Parameter 'r' implicitly has an 'any' type.
modules/problems/actions/index.ts(254,43): error TS7006: Parameter 'r' implicitly has an 'any' type.
modules/problems/actions/index.ts(255,55): error TS7006: Parameter 'r' implicitly has an 'any' type.
modules/problems/actions/index.ts(257,50): error TS7006: Parameter 'r' implicitly has an 'any' type.
modules/problems/actions/index.ts(258,55): error TS7006: Parameter 'r' implicitly has an 'any' type.
modules/problems/actions/index.ts(261,43): error TS7006: Parameter 'r' implicitly has an 'any' type.
modules/problems/actions/index.ts(262,55): error TS7006: Parameter 'r' implicitly has an 'any' type.
modules/problems/actions/index.ts(264,41): error TS7006: Parameter 'r' implicitly has an 'any' type.
modules/problems/actions/index.ts(265,55): error TS7006: Parameter 'r' implicitly has an 'any' type.
modules/problems/actions/index.ts(281,50): error TS7006: Parameter 'result' implicitly has an 'any' type.
modules/problems/actions/index.ts(304,63): error TS7006: Parameter 'problemId' implicitly has an 'any' type.
modules/problems/actions/index.ts(308,22): error TS18047: 'user' is possibly 'null'.
modules/problems/components/create-playlist.tsx(25,32): error TS7031: Binding element 'isOpen' implicitly has an 'any' type.
modules/problems/components/create-playlist.tsx(25,40): error TS7031: Binding element 'onClose' implicitly has an 'any' type.
modules/problems/components/create-playlist.tsx(25,49): error TS7031: Binding element 'onSubmit' implicitly has an 'any' type.
modules/problems/components/create-playlist.tsx(37,37): error TS7006: Parameter 'data' implicitly has an 'any' type.
modules/problems/components/create-problem-form.tsx(452,23): error TS7031: Binding element 'value' implicitly has an 'any' type.
modules/problems/components/create-problem-form.tsx(452,30): error TS7031: Binding element 'onChange' implicitly has an 'any' type.
modules/problems/components/create-problem-form.tsx(468,38): error TS7053: Element implicitly has an 'any' type because expression of type 'string' can't be used to index type '{ javascript: string; python: string; java: string; }'.
  No index signature with a parameter of type 'string' was found on type '{ javascript: string; python: string; java: string; }'.
modules/problems/components/create-problem-form.tsx(542,9): error TS2322: Type '"tags"' is not assignable to type '"testCases"'.
modules/problems/components/create-problem-form.tsx(545,29): error TS7006: Parameter 'values' implicitly has an 'any' type.
modules/problems/components/create-problem-form.tsx(556,36): error TS2339: Property 'message' does not exist on type 'Response'.
modules/problems/components/create-problem-form.tsx(560,25): error TS18046: 'error' is of type 'unknown'.
modules/problems/components/create-problem-form.tsx(568,21): error TS2345: Argument of type 'string[]' is not assignable to parameter of type '{ input: string; output: string; } | { input: string; output: string; }[]'.
  Type 'string[]' is not assignable to type '{ input: string; output: string; }[]'.
    Type 'string' is not assignable to type '{ input: string; output: string; }'.
modules/problems/components/create-problem-form.tsx(570,15): error TS2345: Argument of type '{ title: string; description: string; difficulty: string; tags: string[]; constraints: string; hints: string; editorial: string; testCases: { input: string; output: string; }[]; examples: { JAVASCRIPT: { ...; }; PYTHON: { ...; }; JAVA: { ...; }; }; codeSnippets: { ...; }; referenceSolutions: { ...; }; }' is not assignable to parameter of type '{ title: string; description: string; difficulty: "EASY" | "MEDIUM" | "HARD"; tags: string[]; constraints: string; testCases: { input: string; output: string; }[]; examples: { JAVASCRIPT: { input: string; output: string; explanation?: string | undefined; }; PYTHON: { ...; }; JAVA: { ...; }; }; codeSnippets: { ...; }...'.
  Type '{ title: string; description: string; difficulty: string; tags: string[]; constraints: string; hints: string; editorial: string; testCases: { input: string; output: string; }[]; examples: { JAVASCRIPT: { ...; }; PYTHON: { ...; }; JAVA: { ...; }; }; codeSnippets: { ...; }; referenceSolutions: { ...; }; }' is not assignable to type '{ title: string; description: string; difficulty: "EASY" | "MEDIUM" | "HARD"; tags: string[]; constraints: string; testCases: { input: string; output: string; }[]; examples: { JAVASCRIPT: { input: string; output: string; explanation?: string | undefined; }; PYTHON: { ...; }; JAVA: { ...; }; }; codeSnippets: { ...; }...'.
    Type '{ title: string; description: string; difficulty: string; tags: string[]; constraints: string; hints: string; editorial: string; testCases: { input: string; output: string; }[]; examples: { JAVASCRIPT: { ...; }; PYTHON: { ...; }; JAVA: { ...; }; }; codeSnippets: { ...; }; referenceSolutions: { ...; }; }' is not assignable to type '{ title?: string | undefined; description?: string | undefined; difficulty?: "EASY" | "MEDIUM" | "HARD" | undefined; tags?: (string | undefined)[] | undefined; constraints?: string | undefined; ... 5 more ...; editorial?: string | undefined; }'.
      Types of property 'difficulty' are incompatible.
        Type 'string' is not assignable to type '"EASY" | "MEDIUM" | "HARD" | undefined'.
modules/problems/components/create-problem-form.tsx(720,66): error TS2345: Argument of type 'string' is not assignable to parameter of type '{ input: string; output: string; } | { input: string; output: string; }[]'.
modules/problems/components/create-problem-form.tsx(854,49): error TS2322: Type '`codeSnippets.${string}`' is not assignable to type '"title" | "referenceSolutions" | "testCases" | "description" | "difficulty" | "tags" | "examples" | "constraints" | "codeSnippets" | "hints" | "editorial" | "referenceSolutions.PYTHON" | ... 20 more ... | "codeSnippets.JAVA"'.
modules/problems/components/create-problem-form.tsx(864,46): error TS7053: Element implicitly has an 'any' type because expression of type 'string' can't be used to index type 'Merge<FieldError, FieldErrorsImpl<{ JAVASCRIPT: string; PYTHON: string; JAVA: string; }>>'.
  No index signature with a parameter of type 'string' was found on type 'Merge<FieldError, FieldErrorsImpl<{ JAVASCRIPT: string; PYTHON: string; JAVA: string; }>>'.
modules/problems/components/create-problem-form.tsx(866,54): error TS7053: Element implicitly has an 'any' type because expression of type 'string' can't be used to index type 'Merge<FieldError, FieldErrorsImpl<{ JAVASCRIPT: string; PYTHON: string; JAVA: string; }>>'.
  No index signature with a parameter of type 'string' was found on type 'Merge<FieldError, FieldErrorsImpl<{ JAVASCRIPT: string; PYTHON: string; JAVA: string; }>>'.
modules/problems/components/create-problem-form.tsx(882,49): error TS2322: Type '`referenceSolutions.${string}`' is not assignable to type '"title" | "referenceSolutions" | "testCases" | "description" | "difficulty" | "tags" | "examples" | "constraints" | "codeSnippets" | "hints" | "editorial" | "referenceSolutions.PYTHON" | ... 20 more ... | "codeSnippets.JAVA"'.
modules/problems/components/create-problem-form.tsx(892,46): error TS7053: Element implicitly has an 'any' type because expression of type 'string' can't be used to index type 'Merge<FieldError, FieldErrorsImpl<{ JAVASCRIPT: string; PYTHON: string; JAVA: string; }>>'.
  No index signature with a parameter of type 'string' was found on type 'Merge<FieldError, FieldErrorsImpl<{ JAVASCRIPT: string; PYTHON: string; JAVA: string; }>>'.
modules/problems/components/create-problem-form.tsx(894,54): error TS7053: Element implicitly has an 'any' type because expression of type 'string' can't be used to index type 'Merge<FieldError, FieldErrorsImpl<{ JAVASCRIPT: string; PYTHON: string; JAVA: string; }>>'.
  No index signature with a parameter of type 'string' was found on type 'Merge<FieldError, FieldErrorsImpl<{ JAVASCRIPT: string; PYTHON: string; JAVA: string; }>>'.
modules/problems/components/create-problem-form.tsx(910,70): error TS2345: Argument of type '`examples.${string}.input`' is not assignable to parameter of type '"title" | "referenceSolutions" | "testCases" | "description" | "difficulty" | "tags" | "examples" | "constraints" | "codeSnippets" | "hints" | "editorial" | "referenceSolutions.PYTHON" | ... 20 more ... | "codeSnippets.JAVA"'.
modules/problems/components/create-problem-form.tsx(914,54): error TS7053: Element implicitly has an 'any' type because expression of type 'string' can't be used to index type 'Merge<FieldError, FieldErrorsImpl<{ JAVASCRIPT: { input: string; output: string; explanation: string; }; PYTHON: { input: string; output: string; explanation: string; }; JAVA: { input: string; output: string; explanation: string; }; }>>'.
  No index signature with a parameter of type 'string' was found on type 'Merge<FieldError, FieldErrorsImpl<{ JAVASCRIPT: { input: string; output: string; explanation: string; }; PYTHON: { input: string; output: string; explanation: string; }; JAVA: { input: string; output: string; explanation: string; }; }>>'.
modules/problems/components/create-problem-form.tsx(916,62): error TS7053: Element implicitly has an 'any' type because expression of type 'string' can't be used to index type 'Merge<FieldError, FieldErrorsImpl<{ JAVASCRIPT: { input: string; output: string; explanation: string; }; PYTHON: { input: string; output: string; explanation: string; }; JAVA: { input: string; output: string; explanation: string; }; }>>'.
  No index signature with a parameter of type 'string' was found on type 'Merge<FieldError, FieldErrorsImpl<{ JAVASCRIPT: { input: string; output: string; explanation: string; }; PYTHON: { input: string; output: string; explanation: string; }; JAVA: { input: string; output: string; explanation: string; }; }>>'.
modules/problems/components/create-problem-form.tsx(923,70): error TS2345: Argument of type '`examples.${string}.output`' is not assignable to parameter of type '"title" | "referenceSolutions" | "testCases" | "description" | "difficulty" | "tags" | "examples" | "constraints" | "codeSnippets" | "hints" | "editorial" | "referenceSolutions.PYTHON" | ... 20 more ... | "codeSnippets.JAVA"'.
modules/problems/components/create-problem-form.tsx(927,54): error TS7053: Element implicitly has an 'any' type because expression of type 'string' can't be used to index type 'Merge<FieldError, FieldErrorsImpl<{ JAVASCRIPT: { input: string; output: string; explanation: string; }; PYTHON: { input: string; output: string; explanation: string; }; JAVA: { input: string; output: string; explanation: string; }; }>>'.
  No index signature with a parameter of type 'string' was found on type 'Merge<FieldError, FieldErrorsImpl<{ JAVASCRIPT: { input: string; output: string; explanation: string; }; PYTHON: { input: string; output: string; explanation: string; }; JAVA: { input: string; output: string; explanation: string; }; }>>'.
modules/problems/components/create-problem-form.tsx(929,62): error TS7053: Element implicitly has an 'any' type because expression of type 'string' can't be used to index type 'Merge<FieldError, FieldErrorsImpl<{ JAVASCRIPT: { input: string; output: string; explanation: string; }; PYTHON: { input: string; output: string; explanation: string; }; JAVA: { input: string; output: string; explanation: string; }; }>>'.
  No index signature with a parameter of type 'string' was found on type 'Merge<FieldError, FieldErrorsImpl<{ JAVASCRIPT: { input: string; output: string; explanation: string; }; PYTHON: { input: string; output: string; explanation: string; }; JAVA: { input: string; output: string; explanation: string; }; }>>'.
modules/problems/components/create-problem-form.tsx(936,70): error TS2345: Argument of type '`examples.${string}.explanation`' is not assignable to parameter of type '"title" | "referenceSolutions" | "testCases" | "description" | "difficulty" | "tags" | "examples" | "constraints" | "codeSnippets" | "hints" | "editorial" | "referenceSolutions.PYTHON" | ... 20 more ... | "codeSnippets.JAVA"'.
modules/problems/components/problem-table.tsx(43,26): error TS7031: Binding element 'problems' implicitly has an 'any' type.
modules/problems/components/problem-table.tsx(43,36): error TS7031: Binding element 'user' implicitly has an 'any' type.
modules/problems/components/problem-table.tsx(57,50): error TS7006: Parameter 't' implicitly has an 'any' type.
modules/problems/components/problem-table.tsx(67,22): error TS7006: Parameter 'problem' implicitly has an 'any' type.
modules/problems/components/problem-table.tsx(70,22): error TS7006: Parameter 'problem' implicitly has an 'any' type.
modules/problems/components/problem-table.tsx(73,22): error TS7006: Parameter 'problem' implicitly has an 'any' type.
modules/problems/components/problem-table.tsx(88,33): error TS7006: Parameter 'id' implicitly has an 'any' type.
modules/problems/components/problem-table.tsx(97,41): error TS7006: Parameter 'data' implicitly has an 'any' type.
modules/problems/components/problem-table.tsx(118,25): error TS18046: 'error' is of type 'unknown'.
modules/problems/components/problem-table.tsx(122,40): error TS7006: Parameter 'problemId' implicitly has an 'any' type.
modules/problems/components/problem-table.tsx(122,51): error TS7006: Parameter 'playlistId' implicitly has an 'any' type.
modules/problems/components/problem-table.tsx(140,25): error TS18046: 'error' is of type 'unknown'.
modules/problems/components/problem-table.tsx(144,35): error TS7006: Parameter 'difficulty' implicitly has an 'any' type.
modules/problems/components/problem-table.tsx(157,33): error TS7006: Parameter 'difficulty' implicitly has an 'any' type.
modules/problems/components/problem-table.tsx(230,53): error TS2322: Type 'unknown' is not assignable to type 'Key | null | undefined'.
modules/problems/components/problem-table.tsx(230,63): error TS2322: Type 'unknown' is not assignable to type 'string'.
modules/problems/components/problem-table.tsx(231,45): error TS2322: Type 'unknown' is not assignable to type 'ReactNode'.
modules/problems/components/problem-table.tsx(256,56): error TS7006: Parameter 'problem' implicitly has an 'any' type.
modules/problems/components/problem-table.tsx(277,80): error TS7006: Parameter 'tag' implicitly has an 'any' type.
modules/problems/components/problem-table.tsx(277,85): error TS7006: Parameter 'idx' implicitly has an 'any' type.
modules/problems/components/problem-table.tsx(393,17): error TS2322: Type 'null' is not assignable to type 'string'.
modules/problems/components/submission-details.tsx(5,37): error TS7031: Binding element 'submission' implicitly has an 'any' type.
modules/problems/components/submission-details.tsx(8,47): error TS7006: Parameter 'a' implicitly has an 'any' type.
modules/problems/components/submission-details.tsx(8,50): error TS7006: Parameter 'b' implicitly has an 'any' type.
modules/problems/components/submission-details.tsx(13,18): error TS7006: Parameter 't' implicitly has an 'any' type.
modules/problems/components/submission-details.tsx(14,22): error TS7006: Parameter 'a' implicitly has an 'any' type.
modules/problems/components/submission-details.tsx(14,25): error TS7006: Parameter 'b' implicitly has an 'any' type.
modules/problems/components/submission-history.tsx(18,27): error TS7006: Parameter 'memory' implicitly has an 'any' type.
modules/problems/components/submission-history.tsx(22,51): error TS7006: Parameter 'a' implicitly has an 'any' type.
modules/problems/components/submission-history.tsx(22,54): error TS7006: Parameter 'b' implicitly has an 'any' type.
modules/problems/components/submission-history.tsx(29,25): error TS7006: Parameter 'time' implicitly has an 'any' type.
modules/problems/components/submission-history.tsx(34,22): error TS7006: Parameter 't' implicitly has an 'any' type.
modules/problems/components/submission-history.tsx(35,26): error TS7006: Parameter 'a' implicitly has an 'any' type.
modules/problems/components/submission-history.tsx(35,29): error TS7006: Parameter 'b' implicitly has an 'any' type.
modules/problems/components/submission-history.tsx(42,25): error TS7006: Parameter 'dateString' implicitly has an 'any' type.
modules/problems/components/submission-history.tsx(62,51): error TS2339: Property 'id' does not exist on type 'never'.
modules/problems/components/submission-history.tsx(66,57): error TS2339: Property 'status' does not exist on type 'never'.
modules/problems/components/submission-history.tsx(80,68): error TS2339: Property 'createdAt' does not exist on type 'never'.
modules/problems/components/submission-history.tsx(89,96): error TS2339: Property 'language' does not exist on type 'never'.
modules/problems/components/submission-history.tsx(96,109): error TS2339: Property 'memory' does not exist on type 'never'.
modules/problems/components/submission-history.tsx(103,107): error TS2339: Property 'time' does not exist on type 'never'.
modules/problems/components/test-case-table.tsx(5,33): error TS7031: Binding element 'testCases' implicitly has an 'any' type.
modules/problems/components/test-case-table.tsx(21,37): error TS7006: Parameter 'testCase' implicitly has an 'any' type.
modules/problems/components/test-case-table.tsx(21,47): error TS7006: Parameter 'index' implicitly has an 'any' type.
modules/profile/actions/index.ts(13,26): error TS18047: 'user' is possibly 'null'.
modules/profile/components/playlist-section.tsx(8,29): error TS7031: Binding element 'playlists' implicitly has an 'any' type.
modules/profile/components/playlist-section.tsx(9,25): error TS7006: Parameter 'dateString' implicitly has an 'any' type.
modules/profile/components/playlist-section.tsx(40,41): error TS7006: Parameter 'playlist' implicitly has an 'any' type.
modules/profile/components/profile-stats.tsx(7,25): error TS7031: Binding element 'submissions' implicitly has an 'any' type.
modules/profile/components/profile-stats.tsx(7,38): error TS7031: Binding element 'solvedCount' implicitly has an 'any' type.
modules/profile/components/profile-stats.tsx(7,51): error TS7031: Binding element 'playlistCount' implicitly has an 'any' type.
modules/profile/components/profile-stats.tsx(8,52): error TS7006: Parameter 's' implicitly has an 'any' type.
modules/profile/components/profile-stats.tsx(9,45): error TS7006: Parameter 's' implicitly has an 'any' type.
modules/profile/components/solved-problems.tsx(7,27): error TS7031: Binding element 'solvedProblems' implicitly has an 'any' type.
modules/profile/components/solved-problems.tsx(8,25): error TS7006: Parameter 'dateString' implicitly has an 'any' type.
modules/profile/components/solved-problems.tsx(24,28): error TS2322: Type '"success"' is not assignable to type '"default" | "destructive" | "outline" | "secondary" | null | undefined'.
modules/profile/components/solved-problems.tsx(41,46): error TS7006: Parameter 'problem' implicitly has an 'any' type.
modules/profile/components/submission-history.tsx(8,31): error TS7031: Binding element 'submissions' implicitly has an 'any' type.
modules/profile/components/submission-history.tsx(9,28): error TS7006: Parameter 'status' implicitly has an 'any' type.
modules/profile/components/submission-history.tsx(20,29): error TS7006: Parameter 'status' implicitly has an 'any' type.
modules/profile/components/submission-history.tsx(31,25): error TS7006: Parameter 'dateString' implicitly has an 'any' type.
modules/profile/components/submission-history.tsx(40,27): error TS7006: Parameter 'metricString' implicitly has an 'any' type.
modules/profile/components/submission-history.tsx(63,39): error TS7006: Parameter 'submission' implicitly has an 'any' type.
modules/profile/components/submission-history.tsx(63,51): error TS7006: Parameter 'index' implicitly has an 'any' type.
modules/profile/components/submission-history.tsx(79,64): error TS2322: Type '"destructive" | "success" | "warning"' is not assignable to type '"default" | "destructive" | "outline" | "secondary" | null | undefined'.
  Type '"success"' is not assignable to type '"default" | "destructive" | "outline" | "secondary" | null | undefined'.
modules/profile/components/user-info-card.tsx(9,25): error TS7031: Binding element 'userData' implicitly has an 'any' type.
modules/profile/components/user-info-card.tsx(10,25): error TS7006: Parameter 'dateString' implicitly has an 'any' type.
